Archive member included because of file (symbol)

h:/install/programming/avr8-gnu-toolchain/avr8-gnu-toolchain/bin/../lib/gcc/avr/4.8.1/avr5\libgcc.a(_udivmodhi4.o)
                              ./7segment4digitsDisplay.o (__udivmodhi4)
h:/install/programming/avr8-gnu-toolchain/avr8-gnu-toolchain/bin/../lib/gcc/avr/4.8.1/avr5\libgcc.a(_divmodhi4.o)
                              ./7segment4digitsDisplay.o (__divmodhi4)
h:/install/programming/avr8-gnu-toolchain/avr8-gnu-toolchain/bin/../lib/gcc/avr/4.8.1/avr5\libgcc.a(_exit.o)
                              h:/install/programming/avr8-gnu-toolchain/avr8-gnu-toolchain/bin/../lib/gcc/avr/4.8.1/../../../../avr/lib/avr5/crtm328p.o (exit)
h:/install/programming/avr8-gnu-toolchain/avr8-gnu-toolchain/bin/../lib/gcc/avr/4.8.1/avr5\libgcc.a(_tablejump.o)
                              ./7segment4digitsDisplay.o (__tablejump2__)
h:/install/programming/avr8-gnu-toolchain/avr8-gnu-toolchain/bin/../lib/gcc/avr/4.8.1/avr5\libgcc.a(_copy_data.o)
                              ./7segment4digitsDisplay.o (__do_copy_data)
h:/install/programming/avr8-gnu-toolchain/avr8-gnu-toolchain/bin/../lib/gcc/avr/4.8.1/avr5\libgcc.a(_clear_bss.o)
                              ./7segment4digitsDisplay.o (__do_clear_bss)
h:/install/programming/avr8-gnu-toolchain/avr8-gnu-toolchain/bin/../lib/gcc/avr/4.8.1/../../../../avr/lib/avr5\libm.a(fixunssfsi.o)
                              ./7segment4digitsDisplay.o (__fixunssfsi)
h:/install/programming/avr8-gnu-toolchain/avr8-gnu-toolchain/bin/../lib/gcc/avr/4.8.1/../../../../avr/lib/avr5\libm.a(floatsisf.o)
                              ./main.o (__floatunsisf)
h:/install/programming/avr8-gnu-toolchain/avr8-gnu-toolchain/bin/../lib/gcc/avr/4.8.1/../../../../avr/lib/avr5\libm.a(fp_split3.o)
                              h:/install/programming/avr8-gnu-toolchain/avr8-gnu-toolchain/bin/../lib/gcc/avr/4.8.1/../../../../avr/lib/avr5\libm.a(fixunssfsi.o) (__fp_splitA)
h:/install/programming/avr8-gnu-toolchain/avr8-gnu-toolchain/bin/../lib/gcc/avr/4.8.1/../../../../avr/lib/avr5\libm.a(fp_zero.o)
                              h:/install/programming/avr8-gnu-toolchain/avr8-gnu-toolchain/bin/../lib/gcc/avr/4.8.1/../../../../avr/lib/avr5\libm.a(fixunssfsi.o) (__fp_zero)
h:/install/programming/avr8-gnu-toolchain/avr8-gnu-toolchain/bin/../lib/gcc/avr/4.8.1/../../../../avr/lib/avr5\libm.a(mulsf3.o)
                              ./7segment4digitsDisplay.o (__mulsf3)
h:/install/programming/avr8-gnu-toolchain/avr8-gnu-toolchain/bin/../lib/gcc/avr/4.8.1/../../../../avr/lib/avr5\libm.a(mulsf3x.o)
                              h:/install/programming/avr8-gnu-toolchain/avr8-gnu-toolchain/bin/../lib/gcc/avr/4.8.1/../../../../avr/lib/avr5\libm.a(mulsf3.o) (__mulsf3x)
h:/install/programming/avr8-gnu-toolchain/avr8-gnu-toolchain/bin/../lib/gcc/avr/4.8.1/../../../../avr/lib/avr5\libm.a(fp_inf.o)
                              h:/install/programming/avr8-gnu-toolchain/avr8-gnu-toolchain/bin/../lib/gcc/avr/4.8.1/../../../../avr/lib/avr5\libm.a(mulsf3x.o) (__fp_inf)
h:/install/programming/avr8-gnu-toolchain/avr8-gnu-toolchain/bin/../lib/gcc/avr/4.8.1/../../../../avr/lib/avr5\libm.a(fp_nan.o)
                              h:/install/programming/avr8-gnu-toolchain/avr8-gnu-toolchain/bin/../lib/gcc/avr/4.8.1/../../../../avr/lib/avr5\libm.a(mulsf3x.o) (__fp_nan)
h:/install/programming/avr8-gnu-toolchain/avr8-gnu-toolchain/bin/../lib/gcc/avr/4.8.1/../../../../avr/lib/avr5\libm.a(fp_pscA.o)
                              h:/install/programming/avr8-gnu-toolchain/avr8-gnu-toolchain/bin/../lib/gcc/avr/4.8.1/../../../../avr/lib/avr5\libm.a(mulsf3x.o) (__fp_pscA)
h:/install/programming/avr8-gnu-toolchain/avr8-gnu-toolchain/bin/../lib/gcc/avr/4.8.1/../../../../avr/lib/avr5\libm.a(fp_pscB.o)
                              h:/install/programming/avr8-gnu-toolchain/avr8-gnu-toolchain/bin/../lib/gcc/avr/4.8.1/../../../../avr/lib/avr5\libm.a(mulsf3x.o) (__fp_pscB)
h:/install/programming/avr8-gnu-toolchain/avr8-gnu-toolchain/bin/../lib/gcc/avr/4.8.1/../../../../avr/lib/avr5\libm.a(fp_round.o)
                              h:/install/programming/avr8-gnu-toolchain/avr8-gnu-toolchain/bin/../lib/gcc/avr/4.8.1/../../../../avr/lib/avr5\libm.a(mulsf3.o) (__fp_round)

Memory Configuration

Name             Origin             Length             Attributes
text             0x00000000         0x00020000         xr
data             0x00800060         0x0000ffa0         rw !x
eeprom           0x00810000         0x00010000         rw !x
fuse             0x00820000         0x00000400         rw !x
lock             0x00830000         0x00000400         rw !x
signature        0x00840000         0x00000400         rw !x
user_signatures  0x00850000         0x00000400         rw !x
*default*        0x00000000         0xffffffff

Linker script and memory map

Address of section .data set to 0x800100
LOAD h:/install/programming/avr8-gnu-toolchain/avr8-gnu-toolchain/bin/../lib/gcc/avr/4.8.1/../../../../avr/lib/avr5/crtm328p.o
LOAD ./7segment4digitsDisplay.o
LOAD ./main.o
LOAD ./uart.o
START GROUP
LOAD h:/install/programming/avr8-gnu-toolchain/avr8-gnu-toolchain/bin/../lib/gcc/avr/4.8.1/avr5\libgcc.a
LOAD h:/install/programming/avr8-gnu-toolchain/avr8-gnu-toolchain/bin/../lib/gcc/avr/4.8.1/../../../../avr/lib/avr5\libm.a
LOAD h:/install/programming/avr8-gnu-toolchain/avr8-gnu-toolchain/bin/../lib/gcc/avr/4.8.1/../../../../avr/lib/avr5\libc.a
END GROUP

.hash
 *(.hash)

.dynsym
 *(.dynsym)

.dynstr
 *(.dynstr)

.gnu.version
 *(.gnu.version)

.gnu.version_d
 *(.gnu.version_d)

.gnu.version_r
 *(.gnu.version_r)

.rel.init
 *(.rel.init)

.rela.init
 *(.rela.init)

.rel.text
 *(.rel.text)
 *(.rel.text.*)
 *(.rel.gnu.linkonce.t*)

.rela.text
 *(.rela.text)
 *(.rela.text.*)
 *(.rela.gnu.linkonce.t*)

.rel.fini
 *(.rel.fini)

.rela.fini
 *(.rela.fini)

.rel.rodata
 *(.rel.rodata)
 *(.rel.rodata.*)
 *(.rel.gnu.linkonce.r*)

.rela.rodata
 *(.rela.rodata)
 *(.rela.rodata.*)
 *(.rela.gnu.linkonce.r*)

.rel.data
 *(.rel.data)
 *(.rel.data.*)
 *(.rel.gnu.linkonce.d*)

.rela.data
 *(.rela.data)
 *(.rela.data.*)
 *(.rela.gnu.linkonce.d*)

.rel.ctors
 *(.rel.ctors)

.rela.ctors
 *(.rela.ctors)

.rel.dtors
 *(.rel.dtors)

.rela.dtors
 *(.rela.dtors)

.rel.got
 *(.rel.got)

.rela.got
 *(.rela.got)

.rel.bss
 *(.rel.bss)

.rela.bss
 *(.rela.bss)

.rel.plt
 *(.rel.plt)

.rela.plt
 *(.rela.plt)

.text           0x00000000      0xe52
 *(.vectors)
 .vectors       0x00000000       0x68 h:/install/programming/avr8-gnu-toolchain/avr8-gnu-toolchain/bin/../lib/gcc/avr/4.8.1/../../../../avr/lib/avr5/crtm328p.o
                0x00000000                __vector_default
                0x00000000                __vectors
 *(.vectors)
 *(.progmem.gcc*)
 .progmem.gcc_sw_table.digitalWrite
                0x00000068       0x1c ./7segment4digitsDisplay.o
 .progmem.gcc_sw_table.pickNumber
                0x00000084       0x12 ./7segment4digitsDisplay.o
                0x00000096                . = ALIGN (0x2)
                0x00000096                __trampolines_start = .
 *(.trampolines)
 .trampolines   0x00000096        0x0 linker stubs
 *(.trampolines*)
                0x00000096                __trampolines_end = .
 *(.progmem*)
                0x00000096                . = ALIGN (0x2)
 *(.jumptables)
 *(.jumptables*)
 *(.lowtext)
 *(.lowtext*)
                0x00000096                __ctors_start = .
 *(.ctors)
                0x00000096                __ctors_end = .
                0x00000096                __dtors_start = .
 *(.dtors)
                0x00000096                __dtors_end = .
 SORT(*)(.ctors)
 SORT(*)(.dtors)
 *(.init0)
 .init0         0x00000096        0x0 h:/install/programming/avr8-gnu-toolchain/avr8-gnu-toolchain/bin/../lib/gcc/avr/4.8.1/../../../../avr/lib/avr5/crtm328p.o
                0x00000096                __init
 *(.init0)
 *(.init1)
 *(.init1)
 *(.init2)
 .init2         0x00000096        0xc h:/install/programming/avr8-gnu-toolchain/avr8-gnu-toolchain/bin/../lib/gcc/avr/4.8.1/../../../../avr/lib/avr5/crtm328p.o
 *(.init2)
 *(.init3)
 *(.init3)
 *(.init4)
 .init4         0x000000a2       0x16 h:/install/programming/avr8-gnu-toolchain/avr8-gnu-toolchain/bin/../lib/gcc/avr/4.8.1/avr5\libgcc.a(_copy_data.o)
                0x000000a2                __do_copy_data
 .init4         0x000000b8       0x10 h:/install/programming/avr8-gnu-toolchain/avr8-gnu-toolchain/bin/../lib/gcc/avr/4.8.1/avr5\libgcc.a(_clear_bss.o)
                0x000000b8                __do_clear_bss
 *(.init4)
 *(.init5)
 *(.init5)
 *(.init6)
 *(.init6)
 *(.init7)
 *(.init7)
 *(.init8)
 *(.init8)
 *(.init9)
 .init9         0x000000c8        0x8 h:/install/programming/avr8-gnu-toolchain/avr8-gnu-toolchain/bin/../lib/gcc/avr/4.8.1/../../../../avr/lib/avr5/crtm328p.o
 *(.init9)
 *(.text)
 .text          0x000000d0        0x4 h:/install/programming/avr8-gnu-toolchain/avr8-gnu-toolchain/bin/../lib/gcc/avr/4.8.1/../../../../avr/lib/avr5/crtm328p.o
                0x000000d0                __vector_22
                0x000000d0                __vector_1
                0x000000d0                __vector_24
                0x000000d0                __vector_12
                0x000000d0                __bad_interrupt
                0x000000d0                __vector_6
                0x000000d0                __vector_3
                0x000000d0                __vector_23
                0x000000d0                __vector_25
                0x000000d0                __vector_11
                0x000000d0                __vector_13
                0x000000d0                __vector_17
                0x000000d0                __vector_19
                0x000000d0                __vector_7
                0x000000d0                __vector_5
                0x000000d0                __vector_4
                0x000000d0                __vector_9
                0x000000d0                __vector_2
                0x000000d0                __vector_21
                0x000000d0                __vector_15
                0x000000d0                __vector_8
                0x000000d0                __vector_14
                0x000000d0                __vector_10
                0x000000d0                __vector_16
                0x000000d0                __vector_18
                0x000000d0                __vector_20
 .text          0x000000d4        0x0 ./7segment4digitsDisplay.o
 .text          0x000000d4        0x0 ./main.o
 .text          0x000000d4        0x0 ./uart.o
 .text          0x000000d4        0x0 h:/install/programming/avr8-gnu-toolchain/avr8-gnu-toolchain/bin/../lib/gcc/avr/4.8.1/avr5\libgcc.a(_udivmodhi4.o)
 .text          0x000000d4        0x0 h:/install/programming/avr8-gnu-toolchain/avr8-gnu-toolchain/bin/../lib/gcc/avr/4.8.1/avr5\libgcc.a(_divmodhi4.o)
 .text          0x000000d4        0x0 h:/install/programming/avr8-gnu-toolchain/avr8-gnu-toolchain/bin/../lib/gcc/avr/4.8.1/avr5\libgcc.a(_exit.o)
 .text          0x000000d4        0x0 h:/install/programming/avr8-gnu-toolchain/avr8-gnu-toolchain/bin/../lib/gcc/avr/4.8.1/avr5\libgcc.a(_tablejump.o)
 .text          0x000000d4        0x0 h:/install/programming/avr8-gnu-toolchain/avr8-gnu-toolchain/bin/../lib/gcc/avr/4.8.1/avr5\libgcc.a(_copy_data.o)
 .text          0x000000d4        0x0 h:/install/programming/avr8-gnu-toolchain/avr8-gnu-toolchain/bin/../lib/gcc/avr/4.8.1/avr5\libgcc.a(_clear_bss.o)
 .text          0x000000d4        0x0 h:/install/programming/avr8-gnu-toolchain/avr8-gnu-toolchain/bin/../lib/gcc/avr/4.8.1/../../../../avr/lib/avr5\libm.a(fixunssfsi.o)
 .text          0x000000d4        0x0 h:/install/programming/avr8-gnu-toolchain/avr8-gnu-toolchain/bin/../lib/gcc/avr/4.8.1/../../../../avr/lib/avr5\libm.a(floatsisf.o)
 .text          0x000000d4        0x0 h:/install/programming/avr8-gnu-toolchain/avr8-gnu-toolchain/bin/../lib/gcc/avr/4.8.1/../../../../avr/lib/avr5\libm.a(fp_split3.o)
 .text          0x000000d4        0x0 h:/install/programming/avr8-gnu-toolchain/avr8-gnu-toolchain/bin/../lib/gcc/avr/4.8.1/../../../../avr/lib/avr5\libm.a(fp_zero.o)
 .text          0x000000d4        0x0 h:/install/programming/avr8-gnu-toolchain/avr8-gnu-toolchain/bin/../lib/gcc/avr/4.8.1/../../../../avr/lib/avr5\libm.a(mulsf3.o)
 .text          0x000000d4        0x0 h:/install/programming/avr8-gnu-toolchain/avr8-gnu-toolchain/bin/../lib/gcc/avr/4.8.1/../../../../avr/lib/avr5\libm.a(mulsf3x.o)
 .text          0x000000d4        0x0 h:/install/programming/avr8-gnu-toolchain/avr8-gnu-toolchain/bin/../lib/gcc/avr/4.8.1/../../../../avr/lib/avr5\libm.a(fp_inf.o)
 .text          0x000000d4        0x0 h:/install/programming/avr8-gnu-toolchain/avr8-gnu-toolchain/bin/../lib/gcc/avr/4.8.1/../../../../avr/lib/avr5\libm.a(fp_nan.o)
 .text          0x000000d4        0x0 h:/install/programming/avr8-gnu-toolchain/avr8-gnu-toolchain/bin/../lib/gcc/avr/4.8.1/../../../../avr/lib/avr5\libm.a(fp_pscA.o)
 .text          0x000000d4        0x0 h:/install/programming/avr8-gnu-toolchain/avr8-gnu-toolchain/bin/../lib/gcc/avr/4.8.1/../../../../avr/lib/avr5\libm.a(fp_pscB.o)
 .text          0x000000d4        0x0 h:/install/programming/avr8-gnu-toolchain/avr8-gnu-toolchain/bin/../lib/gcc/avr/4.8.1/../../../../avr/lib/avr5\libm.a(fp_round.o)
                0x000000d4                . = ALIGN (0x2)
 *(.text.*)
 .text.digitalWrite
                0x000000d4       0xbc ./7segment4digitsDisplay.o
                0x000000d4                digitalWrite
 .text.delay_ms
                0x00000190       0x52 ./7segment4digitsDisplay.o
                0x00000190                delay_ms
 .text.clearLEDs
                0x000001e2       0x46 ./7segment4digitsDisplay.o
                0x000001e2                clearLEDs
 .text.one      0x00000228       0x46 ./7segment4digitsDisplay.o
                0x00000228                one
 .text.two      0x0000026e       0x46 ./7segment4digitsDisplay.o
                0x0000026e                two
 .text.three    0x000002b4       0x46 ./7segment4digitsDisplay.o
                0x000002b4                three
 .text.four     0x000002fa       0x46 ./7segment4digitsDisplay.o
                0x000002fa                four
 .text.five     0x00000340       0x46 ./7segment4digitsDisplay.o
                0x00000340                five
 .text.six      0x00000386       0x46 ./7segment4digitsDisplay.o
                0x00000386                six
 .text.seven    0x000003cc       0x46 ./7segment4digitsDisplay.o
                0x000003cc                seven
 .text.eight    0x00000412       0x46 ./7segment4digitsDisplay.o
                0x00000412                eight
 .text.nine     0x00000458       0x46 ./7segment4digitsDisplay.o
                0x00000458                nine
 .text.zero     0x0000049e       0x46 ./7segment4digitsDisplay.o
                0x0000049e                zero
 .text.pickNumber
                0x000004e4       0x3a ./7segment4digitsDisplay.o
                0x000004e4                pickNumber
 .text.displayFloatNumber
                0x0000051e      0x1c6 ./7segment4digitsDisplay.o
                0x0000051e                displayFloatNumber
 .text.displayNumber
                0x000006e4      0x188 ./7segment4digitsDisplay.o
                0x000006e4                displayNumber
 .text._delay_ms
                0x0000086c       0x52 ./main.o
                0x0000086c                _delay_ms
 .text.InitADC  0x000008be       0x16 ./main.o
                0x000008be                InitADC
 .text.ReadADC  0x000008d4       0x2a ./main.o
                0x000008d4                ReadADC
 .text.to_num16
                0x000008fe       0x6a ./main.o
                0x000008fe                to_num16
 .text.blinkRGB_B0_B1_B2
                0x00000968       0x3a ./main.o
                0x00000968                blinkRGB_B0_B1_B2
 .text.setup    0x000009a2       0x1a ./main.o
                0x000009a2                setup
 .text.startup.main
                0x000009bc       0x58 ./main.o
                0x000009bc                main
 .text.intToChar
                0x00000a14       0xb6 ./uart.o
                0x00000a14                intToChar
 .text.USART_Init
                0x00000aca       0x16 ./uart.o
                0x00000aca                USART_Init
 .text.USART_Transmit
                0x00000ae0        0xe ./uart.o
                0x00000ae0                USART_Transmit
 .text.USART_Receive
                0x00000aee        0xe ./uart.o
                0x00000aee                USART_Receive
 .text.printToPort
                0x00000afc       0x18 ./uart.o
                0x00000afc                printToPort
 .text.printFloat
                0x00000b14       0xa4 ./uart.o
                0x00000b14                printFloat
 .text.libgcc.mul
                0x00000bb8        0x0 h:/install/programming/avr8-gnu-toolchain/avr8-gnu-toolchain/bin/../lib/gcc/avr/4.8.1/avr5\libgcc.a(_udivmodhi4.o)
 .text.libgcc.div
                0x00000bb8       0x28 h:/install/programming/avr8-gnu-toolchain/avr8-gnu-toolchain/bin/../lib/gcc/avr/4.8.1/avr5\libgcc.a(_udivmodhi4.o)
                0x00000bb8                __udivmodhi4
 .text.libgcc   0x00000be0        0x0 h:/install/programming/avr8-gnu-toolchain/avr8-gnu-toolchain/bin/../lib/gcc/avr/4.8.1/avr5\libgcc.a(_udivmodhi4.o)
 .text.libgcc.prologue
                0x00000be0        0x0 h:/install/programming/avr8-gnu-toolchain/avr8-gnu-toolchain/bin/../lib/gcc/avr/4.8.1/avr5\libgcc.a(_udivmodhi4.o)
 .text.libgcc.builtins
                0x00000be0        0x0 h:/install/programming/avr8-gnu-toolchain/avr8-gnu-toolchain/bin/../lib/gcc/avr/4.8.1/avr5\libgcc.a(_udivmodhi4.o)
 .text.libgcc.fmul
                0x00000be0        0x0 h:/install/programming/avr8-gnu-toolchain/avr8-gnu-toolchain/bin/../lib/gcc/avr/4.8.1/avr5\libgcc.a(_udivmodhi4.o)
 .text.libgcc.fixed
                0x00000be0        0x0 h:/install/programming/avr8-gnu-toolchain/avr8-gnu-toolchain/bin/../lib/gcc/avr/4.8.1/avr5\libgcc.a(_udivmodhi4.o)
 .text.libgcc.mul
                0x00000be0        0x0 h:/install/programming/avr8-gnu-toolchain/avr8-gnu-toolchain/bin/../lib/gcc/avr/4.8.1/avr5\libgcc.a(_divmodhi4.o)
 .text.libgcc.div
                0x00000be0       0x28 h:/install/programming/avr8-gnu-toolchain/avr8-gnu-toolchain/bin/../lib/gcc/avr/4.8.1/avr5\libgcc.a(_divmodhi4.o)
                0x00000be0                _div
                0x00000be0                __divmodhi4
 .text.libgcc   0x00000c08        0x0 h:/install/programming/avr8-gnu-toolchain/avr8-gnu-toolchain/bin/../lib/gcc/avr/4.8.1/avr5\libgcc.a(_divmodhi4.o)
 .text.libgcc.prologue
                0x00000c08        0x0 h:/install/programming/avr8-gnu-toolchain/avr8-gnu-toolchain/bin/../lib/gcc/avr/4.8.1/avr5\libgcc.a(_divmodhi4.o)
 .text.libgcc.builtins
                0x00000c08        0x0 h:/install/programming/avr8-gnu-toolchain/avr8-gnu-toolchain/bin/../lib/gcc/avr/4.8.1/avr5\libgcc.a(_divmodhi4.o)
 .text.libgcc.fmul
                0x00000c08        0x0 h:/install/programming/avr8-gnu-toolchain/avr8-gnu-toolchain/bin/../lib/gcc/avr/4.8.1/avr5\libgcc.a(_divmodhi4.o)
 .text.libgcc.fixed
                0x00000c08        0x0 h:/install/programming/avr8-gnu-toolchain/avr8-gnu-toolchain/bin/../lib/gcc/avr/4.8.1/avr5\libgcc.a(_divmodhi4.o)
 .text.libgcc.mul
                0x00000c08        0x0 h:/install/programming/avr8-gnu-toolchain/avr8-gnu-toolchain/bin/../lib/gcc/avr/4.8.1/avr5\libgcc.a(_exit.o)
 .text.libgcc.div
                0x00000c08        0x0 h:/install/programming/avr8-gnu-toolchain/avr8-gnu-toolchain/bin/../lib/gcc/avr/4.8.1/avr5\libgcc.a(_exit.o)
 .text.libgcc   0x00000c08        0x0 h:/install/programming/avr8-gnu-toolchain/avr8-gnu-toolchain/bin/../lib/gcc/avr/4.8.1/avr5\libgcc.a(_exit.o)
 .text.libgcc.prologue
                0x00000c08        0x0 h:/install/programming/avr8-gnu-toolchain/avr8-gnu-toolchain/bin/../lib/gcc/avr/4.8.1/avr5\libgcc.a(_exit.o)
 .text.libgcc.builtins
                0x00000c08        0x0 h:/install/programming/avr8-gnu-toolchain/avr8-gnu-toolchain/bin/../lib/gcc/avr/4.8.1/avr5\libgcc.a(_exit.o)
 .text.libgcc.fmul
                0x00000c08        0x0 h:/install/programming/avr8-gnu-toolchain/avr8-gnu-toolchain/bin/../lib/gcc/avr/4.8.1/avr5\libgcc.a(_exit.o)
 .text.libgcc.fixed
                0x00000c08        0x0 h:/install/programming/avr8-gnu-toolchain/avr8-gnu-toolchain/bin/../lib/gcc/avr/4.8.1/avr5\libgcc.a(_exit.o)
 .text.libgcc.mul
                0x00000c08        0x0 h:/install/programming/avr8-gnu-toolchain/avr8-gnu-toolchain/bin/../lib/gcc/avr/4.8.1/avr5\libgcc.a(_tablejump.o)
 .text.libgcc.div
                0x00000c08        0x0 h:/install/programming/avr8-gnu-toolchain/avr8-gnu-toolchain/bin/../lib/gcc/avr/4.8.1/avr5\libgcc.a(_tablejump.o)
 .text.libgcc   0x00000c08        0xc h:/install/programming/avr8-gnu-toolchain/avr8-gnu-toolchain/bin/../lib/gcc/avr/4.8.1/avr5\libgcc.a(_tablejump.o)
                0x00000c08                __tablejump2__
                0x00000c0c                __tablejump__
 .text.libgcc.prologue
                0x00000c14        0x0 h:/install/programming/avr8-gnu-toolchain/avr8-gnu-toolchain/bin/../lib/gcc/avr/4.8.1/avr5\libgcc.a(_tablejump.o)
 .text.libgcc.builtins
                0x00000c14        0x0 h:/install/programming/avr8-gnu-toolchain/avr8-gnu-toolchain/bin/../lib/gcc/avr/4.8.1/avr5\libgcc.a(_tablejump.o)
 .text.libgcc.fmul
                0x00000c14        0x0 h:/install/programming/avr8-gnu-toolchain/avr8-gnu-toolchain/bin/../lib/gcc/avr/4.8.1/avr5\libgcc.a(_tablejump.o)
 .text.libgcc.fixed
                0x00000c14        0x0 h:/install/programming/avr8-gnu-toolchain/avr8-gnu-toolchain/bin/../lib/gcc/avr/4.8.1/avr5\libgcc.a(_tablejump.o)
 .text.libgcc.mul
                0x00000c14        0x0 h:/install/programming/avr8-gnu-toolchain/avr8-gnu-toolchain/bin/../lib/gcc/avr/4.8.1/avr5\libgcc.a(_copy_data.o)
 .text.libgcc.div
                0x00000c14        0x0 h:/install/programming/avr8-gnu-toolchain/avr8-gnu-toolchain/bin/../lib/gcc/avr/4.8.1/avr5\libgcc.a(_copy_data.o)
 .text.libgcc   0x00000c14        0x0 h:/install/programming/avr8-gnu-toolchain/avr8-gnu-toolchain/bin/../lib/gcc/avr/4.8.1/avr5\libgcc.a(_copy_data.o)
 .text.libgcc.prologue
                0x00000c14        0x0 h:/install/programming/avr8-gnu-toolchain/avr8-gnu-toolchain/bin/../lib/gcc/avr/4.8.1/avr5\libgcc.a(_copy_data.o)
 .text.libgcc.builtins
                0x00000c14        0x0 h:/install/programming/avr8-gnu-toolchain/avr8-gnu-toolchain/bin/../lib/gcc/avr/4.8.1/avr5\libgcc.a(_copy_data.o)
 .text.libgcc.fmul
                0x00000c14        0x0 h:/install/programming/avr8-gnu-toolchain/avr8-gnu-toolchain/bin/../lib/gcc/avr/4.8.1/avr5\libgcc.a(_copy_data.o)
 .text.libgcc.fixed
                0x00000c14        0x0 h:/install/programming/avr8-gnu-toolchain/avr8-gnu-toolchain/bin/../lib/gcc/avr/4.8.1/avr5\libgcc.a(_copy_data.o)
 .text.libgcc.mul
                0x00000c14        0x0 h:/install/programming/avr8-gnu-toolchain/avr8-gnu-toolchain/bin/../lib/gcc/avr/4.8.1/avr5\libgcc.a(_clear_bss.o)
 .text.libgcc.div
                0x00000c14        0x0 h:/install/programming/avr8-gnu-toolchain/avr8-gnu-toolchain/bin/../lib/gcc/avr/4.8.1/avr5\libgcc.a(_clear_bss.o)
 .text.libgcc   0x00000c14        0x0 h:/install/programming/avr8-gnu-toolchain/avr8-gnu-toolchain/bin/../lib/gcc/avr/4.8.1/avr5\libgcc.a(_clear_bss.o)
 .text.libgcc.prologue
                0x00000c14        0x0 h:/install/programming/avr8-gnu-toolchain/avr8-gnu-toolchain/bin/../lib/gcc/avr/4.8.1/avr5\libgcc.a(_clear_bss.o)
 .text.libgcc.builtins
                0x00000c14        0x0 h:/install/programming/avr8-gnu-toolchain/avr8-gnu-toolchain/bin/../lib/gcc/avr/4.8.1/avr5\libgcc.a(_clear_bss.o)
 .text.libgcc.fmul
                0x00000c14        0x0 h:/install/programming/avr8-gnu-toolchain/avr8-gnu-toolchain/bin/../lib/gcc/avr/4.8.1/avr5\libgcc.a(_clear_bss.o)
 .text.libgcc.fixed
                0x00000c14        0x0 h:/install/programming/avr8-gnu-toolchain/avr8-gnu-toolchain/bin/../lib/gcc/avr/4.8.1/avr5\libgcc.a(_clear_bss.o)
 .text.avr-libc.fplib
                0x00000c14       0x58 h:/install/programming/avr8-gnu-toolchain/avr8-gnu-toolchain/bin/../lib/gcc/avr/4.8.1/../../../../avr/lib/avr5\libm.a(fixunssfsi.o)
                0x00000c14                __fixunssfsi
 .text.avr-libc.fplib
                0x00000c6c       0x7a h:/install/programming/avr8-gnu-toolchain/avr8-gnu-toolchain/bin/../lib/gcc/avr/4.8.1/../../../../avr/lib/avr5\libm.a(floatsisf.o)
                0x00000c6c                __floatunsisf
                0x00000c70                __floatsisf
 .text.avr-libc.fplib
                0x00000ce6       0x44 h:/install/programming/avr8-gnu-toolchain/avr8-gnu-toolchain/bin/../lib/gcc/avr/4.8.1/../../../../avr/lib/avr5\libm.a(fp_split3.o)
                0x00000ce6                __fp_split3
                0x00000cf6                __fp_splitA
 .text.avr-libc.fplib
                0x00000d2a        0xe h:/install/programming/avr8-gnu-toolchain/avr8-gnu-toolchain/bin/../lib/gcc/avr/4.8.1/../../../../avr/lib/avr5\libm.a(fp_zero.o)
                0x00000d2a                __fp_zero
                0x00000d2c                __fp_szero
 .text.avr-libc.fplib
                0x00000d38        0x4 h:/install/programming/avr8-gnu-toolchain/avr8-gnu-toolchain/bin/../lib/gcc/avr/4.8.1/../../../../avr/lib/avr5\libm.a(mulsf3.o)
                0x00000d38                __mulsf3
 .text.avr-libc.fplib
                0x00000d3c       0xc2 h:/install/programming/avr8-gnu-toolchain/avr8-gnu-toolchain/bin/../lib/gcc/avr/4.8.1/../../../../avr/lib/avr5\libm.a(mulsf3x.o)
                0x00000d50                __mulsf3x
                0x00000d54                __mulsf3_pse
 .text.avr-libc.fplib
                0x00000dfe        0xc h:/install/programming/avr8-gnu-toolchain/avr8-gnu-toolchain/bin/../lib/gcc/avr/4.8.1/../../../../avr/lib/avr5\libm.a(fp_inf.o)
                0x00000dfe                __fp_inf
 .text.avr-libc.fplib
                0x00000e0a        0x6 h:/install/programming/avr8-gnu-toolchain/avr8-gnu-toolchain/bin/../lib/gcc/avr/4.8.1/../../../../avr/lib/avr5\libm.a(fp_nan.o)
                0x00000e0a                __fp_nan
 .text.avr-libc.fplib
                0x00000e10        0xe h:/install/programming/avr8-gnu-toolchain/avr8-gnu-toolchain/bin/../lib/gcc/avr/4.8.1/../../../../avr/lib/avr5\libm.a(fp_pscA.o)
                0x00000e10                __fp_pscA
 .text.avr-libc.fplib
                0x00000e1e        0xe h:/install/programming/avr8-gnu-toolchain/avr8-gnu-toolchain/bin/../lib/gcc/avr/4.8.1/../../../../avr/lib/avr5\libm.a(fp_pscB.o)
                0x00000e1e                __fp_pscB
 .text.avr-libc.fplib
                0x00000e2c       0x22 h:/install/programming/avr8-gnu-toolchain/avr8-gnu-toolchain/bin/../lib/gcc/avr/4.8.1/../../../../avr/lib/avr5\libm.a(fp_round.o)
                0x00000e2c                __fp_round
                0x00000e4e                . = ALIGN (0x2)
 *(.fini9)
 .fini9         0x00000e4e        0x0 h:/install/programming/avr8-gnu-toolchain/avr8-gnu-toolchain/bin/../lib/gcc/avr/4.8.1/avr5\libgcc.a(_exit.o)
                0x00000e4e                _exit
                0x00000e4e                exit
 *(.fini9)
 *(.fini8)
 *(.fini8)
 *(.fini7)
 *(.fini7)
 *(.fini6)
 *(.fini6)
 *(.fini5)
 *(.fini5)
 *(.fini4)
 *(.fini4)
 *(.fini3)
 *(.fini3)
 *(.fini2)
 *(.fini2)
 *(.fini1)
 *(.fini1)
 *(.fini0)
 .fini0         0x00000e4e        0x4 h:/install/programming/avr8-gnu-toolchain/avr8-gnu-toolchain/bin/../lib/gcc/avr/4.8.1/avr5\libgcc.a(_exit.o)
 *(.fini0)
                0x00000e52                _etext = .

.data           0x00800100       0x1c load address 0x00000e52
                0x00800100                PROVIDE (__data_start, .)
 *(.data)
 .data          0x00800100        0x0 h:/install/programming/avr8-gnu-toolchain/avr8-gnu-toolchain/bin/../lib/gcc/avr/4.8.1/../../../../avr/lib/avr5/crtm328p.o
 .data          0x00800100        0x0 ./7segment4digitsDisplay.o
 .data          0x00800100        0x0 ./main.o
 .data          0x00800100        0x0 ./uart.o
 .data          0x00800100        0x0 h:/install/programming/avr8-gnu-toolchain/avr8-gnu-toolchain/bin/../lib/gcc/avr/4.8.1/avr5\libgcc.a(_udivmodhi4.o)
 .data          0x00800100        0x0 h:/install/programming/avr8-gnu-toolchain/avr8-gnu-toolchain/bin/../lib/gcc/avr/4.8.1/avr5\libgcc.a(_divmodhi4.o)
 .data          0x00800100        0x0 h:/install/programming/avr8-gnu-toolchain/avr8-gnu-toolchain/bin/../lib/gcc/avr/4.8.1/avr5\libgcc.a(_exit.o)
 .data          0x00800100        0x0 h:/install/programming/avr8-gnu-toolchain/avr8-gnu-toolchain/bin/../lib/gcc/avr/4.8.1/avr5\libgcc.a(_tablejump.o)
 .data          0x00800100        0x0 h:/install/programming/avr8-gnu-toolchain/avr8-gnu-toolchain/bin/../lib/gcc/avr/4.8.1/avr5\libgcc.a(_copy_data.o)
 .data          0x00800100        0x0 h:/install/programming/avr8-gnu-toolchain/avr8-gnu-toolchain/bin/../lib/gcc/avr/4.8.1/avr5\libgcc.a(_clear_bss.o)
 .data          0x00800100        0x0 h:/install/programming/avr8-gnu-toolchain/avr8-gnu-toolchain/bin/../lib/gcc/avr/4.8.1/../../../../avr/lib/avr5\libm.a(fixunssfsi.o)
 .data          0x00800100        0x0 h:/install/programming/avr8-gnu-toolchain/avr8-gnu-toolchain/bin/../lib/gcc/avr/4.8.1/../../../../avr/lib/avr5\libm.a(floatsisf.o)
 .data          0x00800100        0x0 h:/install/programming/avr8-gnu-toolchain/avr8-gnu-toolchain/bin/../lib/gcc/avr/4.8.1/../../../../avr/lib/avr5\libm.a(fp_split3.o)
 .data          0x00800100        0x0 h:/install/programming/avr8-gnu-toolchain/avr8-gnu-toolchain/bin/../lib/gcc/avr/4.8.1/../../../../avr/lib/avr5\libm.a(fp_zero.o)
 .data          0x00800100        0x0 h:/install/programming/avr8-gnu-toolchain/avr8-gnu-toolchain/bin/../lib/gcc/avr/4.8.1/../../../../avr/lib/avr5\libm.a(mulsf3.o)
 .data          0x00800100        0x0 h:/install/programming/avr8-gnu-toolchain/avr8-gnu-toolchain/bin/../lib/gcc/avr/4.8.1/../../../../avr/lib/avr5\libm.a(mulsf3x.o)
 .data          0x00800100        0x0 h:/install/programming/avr8-gnu-toolchain/avr8-gnu-toolchain/bin/../lib/gcc/avr/4.8.1/../../../../avr/lib/avr5\libm.a(fp_inf.o)
 .data          0x00800100        0x0 h:/install/programming/avr8-gnu-toolchain/avr8-gnu-toolchain/bin/../lib/gcc/avr/4.8.1/../../../../avr/lib/avr5\libm.a(fp_nan.o)
 .data          0x00800100        0x0 h:/install/programming/avr8-gnu-toolchain/avr8-gnu-toolchain/bin/../lib/gcc/avr/4.8.1/../../../../avr/lib/avr5\libm.a(fp_pscA.o)
 .data          0x00800100        0x0 h:/install/programming/avr8-gnu-toolchain/avr8-gnu-toolchain/bin/../lib/gcc/avr/4.8.1/../../../../avr/lib/avr5\libm.a(fp_pscB.o)
 .data          0x00800100        0x0 h:/install/programming/avr8-gnu-toolchain/avr8-gnu-toolchain/bin/../lib/gcc/avr/4.8.1/../../../../avr/lib/avr5\libm.a(fp_round.o)
 *(.data*)
 .data.DTime    0x00800100        0x2 ./7segment4digitsDisplay.o
                0x00800100                DTime
 .data.POINT    0x00800102        0x2 ./7segment4digitsDisplay.o
                0x00800102                POINT
 .data.GND4     0x00800104        0x2 ./7segment4digitsDisplay.o
                0x00800104                GND4
 .data.GND3     0x00800106        0x2 ./7segment4digitsDisplay.o
                0x00800106                GND3
 .data.GND2     0x00800108        0x2 ./7segment4digitsDisplay.o
                0x00800108                GND2
 .data.GND1     0x0080010a        0x2 ./7segment4digitsDisplay.o
                0x0080010a                GND1
 .data.gPin     0x0080010c        0x2 ./7segment4digitsDisplay.o
                0x0080010c                gPin
 .data.fPin     0x0080010e        0x2 ./7segment4digitsDisplay.o
                0x0080010e                fPin
 .data.ePin     0x00800110        0x2 ./7segment4digitsDisplay.o
                0x00800110                ePin
 .data.dPin     0x00800112        0x2 ./7segment4digitsDisplay.o
                0x00800112                dPin
 .data.cPin     0x00800114        0x2 ./7segment4digitsDisplay.o
                0x00800114                cPin
 .data.bPin     0x00800116        0x2 ./7segment4digitsDisplay.o
                0x00800116                bPin
 .data.aPin     0x00800118        0x2 ./7segment4digitsDisplay.o
                0x00800118                aPin
 *(.rodata)
 *(.rodata*)
 .rodata.str1.1
                0x0080011a        0x2 ./uart.o
 *(.gnu.linkonce.d*)
                0x0080011c                . = ALIGN (0x2)
                0x0080011c                _edata = .
                0x0080011c                PROVIDE (__data_end, .)

.bss            0x0080011c        0x8
                0x0080011c                PROVIDE (__bss_start, .)
 *(.bss)
 .bss           0x0080011c        0x0 h:/install/programming/avr8-gnu-toolchain/avr8-gnu-toolchain/bin/../lib/gcc/avr/4.8.1/../../../../avr/lib/avr5/crtm328p.o
 .bss           0x0080011c        0x0 ./7segment4digitsDisplay.o
 .bss           0x0080011c        0x0 ./main.o
 .bss           0x0080011c        0x0 ./uart.o
 .bss           0x0080011c        0x0 h:/install/programming/avr8-gnu-toolchain/avr8-gnu-toolchain/bin/../lib/gcc/avr/4.8.1/avr5\libgcc.a(_udivmodhi4.o)
 .bss           0x0080011c        0x0 h:/install/programming/avr8-gnu-toolchain/avr8-gnu-toolchain/bin/../lib/gcc/avr/4.8.1/avr5\libgcc.a(_divmodhi4.o)
 .bss           0x0080011c        0x0 h:/install/programming/avr8-gnu-toolchain/avr8-gnu-toolchain/bin/../lib/gcc/avr/4.8.1/avr5\libgcc.a(_exit.o)
 .bss           0x0080011c        0x0 h:/install/programming/avr8-gnu-toolchain/avr8-gnu-toolchain/bin/../lib/gcc/avr/4.8.1/avr5\libgcc.a(_tablejump.o)
 .bss           0x0080011c        0x0 h:/install/programming/avr8-gnu-toolchain/avr8-gnu-toolchain/bin/../lib/gcc/avr/4.8.1/avr5\libgcc.a(_copy_data.o)
 .bss           0x0080011c        0x0 h:/install/programming/avr8-gnu-toolchain/avr8-gnu-toolchain/bin/../lib/gcc/avr/4.8.1/avr5\libgcc.a(_clear_bss.o)
 .bss           0x0080011c        0x0 h:/install/programming/avr8-gnu-toolchain/avr8-gnu-toolchain/bin/../lib/gcc/avr/4.8.1/../../../../avr/lib/avr5\libm.a(fixunssfsi.o)
 .bss           0x0080011c        0x0 h:/install/programming/avr8-gnu-toolchain/avr8-gnu-toolchain/bin/../lib/gcc/avr/4.8.1/../../../../avr/lib/avr5\libm.a(floatsisf.o)
 .bss           0x0080011c        0x0 h:/install/programming/avr8-gnu-toolchain/avr8-gnu-toolchain/bin/../lib/gcc/avr/4.8.1/../../../../avr/lib/avr5\libm.a(fp_split3.o)
 .bss           0x0080011c        0x0 h:/install/programming/avr8-gnu-toolchain/avr8-gnu-toolchain/bin/../lib/gcc/avr/4.8.1/../../../../avr/lib/avr5\libm.a(fp_zero.o)
 .bss           0x0080011c        0x0 h:/install/programming/avr8-gnu-toolchain/avr8-gnu-toolchain/bin/../lib/gcc/avr/4.8.1/../../../../avr/lib/avr5\libm.a(mulsf3.o)
 .bss           0x0080011c        0x0 h:/install/programming/avr8-gnu-toolchain/avr8-gnu-toolchain/bin/../lib/gcc/avr/4.8.1/../../../../avr/lib/avr5\libm.a(mulsf3x.o)
 .bss           0x0080011c        0x0 h:/install/programming/avr8-gnu-toolchain/avr8-gnu-toolchain/bin/../lib/gcc/avr/4.8.1/../../../../avr/lib/avr5\libm.a(fp_inf.o)
 .bss           0x0080011c        0x0 h:/install/programming/avr8-gnu-toolchain/avr8-gnu-toolchain/bin/../lib/gcc/avr/4.8.1/../../../../avr/lib/avr5\libm.a(fp_nan.o)
 .bss           0x0080011c        0x0 h:/install/programming/avr8-gnu-toolchain/avr8-gnu-toolchain/bin/../lib/gcc/avr/4.8.1/../../../../avr/lib/avr5\libm.a(fp_pscA.o)
 .bss           0x0080011c        0x0 h:/install/programming/avr8-gnu-toolchain/avr8-gnu-toolchain/bin/../lib/gcc/avr/4.8.1/../../../../avr/lib/avr5\libm.a(fp_pscB.o)
 .bss           0x0080011c        0x0 h:/install/programming/avr8-gnu-toolchain/avr8-gnu-toolchain/bin/../lib/gcc/avr/4.8.1/../../../../avr/lib/avr5\libm.a(fp_round.o)
 *(.bss*)
 .bss.dig4      0x0080011c        0x2 ./7segment4digitsDisplay.o
                0x0080011c                dig4
 .bss.dig3      0x0080011e        0x2 ./7segment4digitsDisplay.o
                0x0080011e                dig3
 .bss.dig2      0x00800120        0x2 ./7segment4digitsDisplay.o
                0x00800120                dig2
 .bss.dig1      0x00800122        0x2 ./7segment4digitsDisplay.o
                0x00800122                dig1
 *(COMMON)
                0x00800124                PROVIDE (__bss_end, .)
                0x00000e52                __data_load_start = LOADADDR (.data)
                0x00000e6e                __data_load_end = (__data_load_start + SIZEOF (.data))

.noinit         0x00800124        0x0
                0x00800124                PROVIDE (__noinit_start, .)
 *(.noinit*)
                0x00800124                PROVIDE (__noinit_end, .)
                0x00800124                _end = .
                0x00800124                PROVIDE (__heap_start, .)

.eeprom         0x00810000        0x0
 *(.eeprom*)
                0x00810000                __eeprom_end = .

.fuse
 *(.fuse)
 *(.lfuse)
 *(.hfuse)
 *(.efuse)

.lock
 *(.lock*)

.signature
 *(.signature*)

.user_signatures
 *(.user_signatures*)

.stab
 *(.stab)

.stabstr
 *(.stabstr)

.stab.excl
 *(.stab.excl)

.stab.exclstr
 *(.stab.exclstr)

.stab.index
 *(.stab.index)

.stab.indexstr
 *(.stab.indexstr)

.comment        0x00000000       0x30
 *(.comment)
 .comment       0x00000000       0x30 ./7segment4digitsDisplay.o
                                 0x31 (size before relaxing)
 .comment       0x00000000       0x31 ./main.o
 .comment       0x00000000       0x31 ./uart.o

.note.gnu.build-id
 *(.note.gnu.build-id)

.debug
 *(.debug)

.line
 *(.line)

.debug_srcinfo
 *(.debug_srcinfo)

.debug_sfnames
 *(.debug_sfnames)

.debug_aranges
 *(.debug_aranges)

.debug_pubnames
 *(.debug_pubnames)

.debug_info
 *(.debug_info .gnu.linkonce.wi.*)

.debug_abbrev
 *(.debug_abbrev)

.debug_line
 *(.debug_line .debug_line.* .debug_line_end)

.debug_frame
 *(.debug_frame)

.debug_str
 *(.debug_str)

.debug_loc
 *(.debug_loc)

.debug_macinfo
 *(.debug_macinfo)

.debug_weaknames
 *(.debug_weaknames)

.debug_funcnames
 *(.debug_funcnames)

.debug_typenames
 *(.debug_typenames)

.debug_varnames
 *(.debug_varnames)

.debug_pubtypes
 *(.debug_pubtypes)

.debug_ranges
 *(.debug_ranges)

.debug_macro
 *(.debug_macro)
OUTPUT(1.elf elf32-avr)
LOAD linker stubs
